<html>
<body>
<pre>
<h1>µVision Build Log</h1>
<h2>Tool Versions:</h2>
IDE-Version: µVision V5.29.0.0
Copyright (C) 2019 ARM Ltd and ARM Germany GmbH. All rights reserved.
License Information: youssef abbas, mti, LIC=----
 
Tool Versions:
Toolchain:       MDK-Lite  Version: 5.29.0.0
Toolchain Path:  C:\Keil_v5\ARM\ARMCC\Bin
C Compiler:      Armcc.exe V5.06 update 6 (build 750)
Assembler:       Armasm.exe V5.06 update 6 (build 750)
Linker/Locator:  ArmLink.exe V5.06 update 6 (build 750)
Library Manager: ArmAr.exe V5.06 update 6 (build 750)
Hex Converter:   FromElf.exe V5.06 update 6 (build 750)
CPU DLL:         SARM.DLL V5.29.0.0
Dialog DLL:      DARMP.DLL V1.53.0.0
Target DLL:      UL2ARM.DLL V1.74.10.0
Dialog DLL:      TARMP.DLL V1.53.0.0
 
<h2>Project:</h2>
Z:\Documents\Embeded system\Sprints\RTOS Tasks\RTOS-tasks\Code\RTOSDemo.uvproj
Project File Date:  07/08/2023

<h2>Output:</h2>
*** Using Compiler 'V5.06 update 6 (build 750)', folder: 'C:\Keil_v5\ARM\ARMCC\Bin'
Build target 'RTOSDemo_THUMB'
compiling led_task.c...
Starter_Files_V1\source\led_task.h(19): warning:  #1-D: last line of file ends without a newline
  #endif
Starter_Files_V1\source\led_task.c(25): warning:  #1-D: last line of file ends without a newline
  }
Starter_Files_V1\source\led_task.c: 2 warnings, 0 errors
compiling button_task.c...
Starter_Files_V1\source\button_task.h(17): warning:  #1-D: last line of file ends without a newline
  #endif
Starter_Files_V1\source\button_task.c(34): warning:  #1-D: last line of file ends without a newline
  }
Starter_Files_V1\source\button_task.c: 2 warnings, 0 errors
compiling main.c...
Starter_Files_V1\source\led_task.h(19): warning:  #1-D: last line of file ends without a newline
  #endif
Starter_Files_V1\source\button_task.h(17): warning:  #1-D: last line of file ends without a newline
  #endif
Starter_Files_V1\source\main.c: 2 warnings, 0 errors
linking...
Program Size: Code=7432 RO-data=32 RW-data=204 ZI-data=15356  
FromELF: creating hex file...
".\bin\RTOSDemo.axf" - 0 Error(s), 6 Warning(s).
Build Time Elapsed:  00:00:03
</pre>
</body>
</html>
